[    0.000000] Linux version 4.15.0-212-generic (buildd@lcy02-amd64-083) (gcc version 7.5.0 (Ubuntu 7.5.0-3ubuntu1~18.04)) #223-Ubuntu SMP Tue May 23 13:09:22 UTC 2023 (Ubuntu 4.15.0-212.223-generic 4.15.18)
[    0.000000] Command line: BOOT_IMAGE=/boot/vmlinuz-4.15.0-212-generic root=LABEL=cloudimg-rootfs ro console=tty1 console=ttyS0
[    0.000000] KERNEL supported cpus:
[    0.000000]   Intel GenuineIntel
[    0.000000]   AMD AuthenticAMD
[    0.000000]   Centaur CentaurHauls
[    0.000000] x86/fpu: Supporting XSAVE feature 0x001: 'x87 floating point registers'
[    0.000000] x86/fpu: Supporting XSAVE feature 0x002: 'SSE registers'
[    0.000000] x86/fpu: Supporting XSAVE feature 0x004: 'AVX registers'
[    0.000000] x86/fpu: xstate_offset[2]:  576, xstate_sizes[2]:  256
[    0.000000] x86/fpu: Enabled xstate features 0x7, context size is 832 bytes, using 'standard' format.
[    0.000000] e820: BIOS-provided physical RAM map:
[    0.000000] BIOS-e820: [mem 0x0000000000000000-0x000000000009fbff] usable
[    0.000000] BIOS-e820: [mem 0x000000000009fc00-0x000000000009ffff] reserved
[    0.000000] BIOS-e820: [mem 0x00000000000f0000-0x00000000000fffff] reserved
[    0.000000] BIOS-e820: [mem 0x0000000000100000-0x000000003ffeffff] usable
[    0.000000] BIOS-e820: [mem 0x000000003fff0000-0x000000003fffffff] ACPI data
[    0.000000] BIOS-e820: [mem 0x00000000fec00000-0x00000000fec00fff] reserved
[    0.000000] BIOS-e820: [mem 0x00000000fee00000-0x00000000fee00fff] reserved
[    0.000000] BIOS-e820: [mem 0x00000000fffc0000-0x00000000ffffffff] reserved
[    0.000000] NX (Execute Disable) protection: active
[    0.000000] SMBIOS 2.5 present.
[    0.000000] DMI: innotek GmbH VirtualBox/VirtualBox, BIOS VirtualBox 12/01/2006
[    0.000000] Hypervisor detected: KVM
[    0.000000] e820: last_pfn = 0x3fff0 max_arch_pfn = 0x400000000
[    0.000000] MTRR: Disabled
[    0.000000] x86/PAT: MTRRs disabled, skipping PAT initialization too.
[    0.000000] CPU MTRRs all blank - virtualized system.
[    0.000000] x86/PAT: Configuration [0-7]: WB  WT  UC- UC  WB  WT  UC- UC  
[    0.000000] found SMP MP-table at [mem 0x0009fff0-0x0009ffff]
[    0.000000] Scanning 1 areas for low memory corruption
[    0.000000] RAMDISK: [mem 0x359cb000-0x36cdcfff]
[    0.000000] ACPI: Early table checksum verification disabled
[    0.000000] ACPI: RSDP 0x00000000000E0000 000024 (v02 VBOX  )
[    0.000000] ACPI: XSDT 0x000000003FFF0030 00003C (v01 VBOX   VBOXXSDT 00000001 ASL  00000061)
[    0.000000] ACPI: FACP 0x000000003FFF00F0 0000F4 (v04 VBOX   VBOXFACP 00000001 ASL  00000061)
[    0.000000] ACPI: DSDT 0x000000003FFF0610 002353 (v02 VBOX   VBOXBIOS 00000002 INTL 20100528)
[    0.000000] ACPI: FACS 0x000000003FFF0200 000040
[    0.000000] ACPI: FACS 0x000000003FFF0200 000040
[    0.000000] ACPI: APIC 0x000000003FFF0240 00005C (v02 VBOX   VBOXAPIC 00000001 ASL  00000061)
[    0.000000] ACPI: SSDT 0x000000003FFF02A0 00036C (v01 VBOX   VBOXCPUT 00000002 INTL 20100528)
[    0.000000] ACPI: Reserving FACP table memory at [mem 0x3fff00f0-0x3fff01e3]
[    0.000000] ACPI: Reserving DSDT table memory at [mem 0x3fff0610-0x3fff2962]
[    0.000000] ACPI: Reserving FACS table memory at [mem 0x3fff0200-0x3fff023f]
[    0.000000] ACPI: Reserving FACS table memory at [mem 0x3fff0200-0x3fff023f]
[    0.000000] ACPI: Reserving APIC table memory at [mem 0x3fff0240-0x3fff029b]
[    0.000000] ACPI: Reserving SSDT table memory at [mem 0x3fff02a0-0x3fff060b]
[    0.000000] No NUMA configuration found
[    0.000000] Faking a node at [mem 0x0000000000000000-0x000000003ffeffff]
[    0.000000] NODE_DATA(0) allocated [mem 0x3ffc5000-0x3ffeffff]
[    0.000000] kvm-clock: cpu 0, msr 0:3ff44001, primary cpu clock
[    0.000000] kvm-clock: Using msrs 4b564d01 and 4b564d00
[    0.000000] kvm-clock: using sched offset of 3840650220 cycles
[    0.000000] clocksource: kvm-clock: mask: 0xffffffffffffffff max_cycles: 0x1cd42e4dffb, max_idle_ns: 881590591483 ns
[    0.000000] Zone ranges:
[    0.000000]   DMA      [mem 0x0000000000001000-0x0000000000ffffff]
[    0.000000]   DMA32    [mem 0x0000000001000000-0x000000003ffeffff]
[    0.000000]   Normal   empty
[    0.000000]   Device   empty
[    0.000000] Movable zone start for each node
[    0.000000] Early memory node ranges
[    0.000000]   node   0: [mem 0x0000000000001000-0x000000000009efff]
[    0.000000]   node   0: [mem 0x0000000000100000-0x000000003ffeffff]
[    0.000000] Reserved but unavailable: 104 pages
[    0.000000] Initmem setup node 0 [mem 0x0000000000001000-0x000000003ffeffff]
[    0.000000] ACPI: PM-Timer IO Port: 0x4008
[    0.000000] IOAPIC[0]: apic_id 2, version 32, address 0xfec00000, GSI 0-23
[    0.000000] ACPI: INT_SRC_OVR (bus 0 bus_irq 0 global_irq 2 dfl dfl)
[    0.000000] ACPI: INT_SRC_OVR (bus 0 bus_irq 9 global_irq 9 low level)
[    0.000000] Using ACPI (MADT) for SMP configuration information
[    0.000000] smpboot: Allowing 2 CPUs, 0 hotplug CPUs
[    0.000000] PM: Registered nosave memory: [mem 0x00000000-0x00000fff]
[    0.000000] PM: Registered nosave memory: [mem 0x0009f000-0x0009ffff]
[    0.000000] PM: Registered nosave memory: [mem 0x000a0000-0x000effff]
[    0.000000] PM: Registered nosave memory: [mem 0x000f0000-0x000fffff]
[    0.000000] e820: [mem 0x40000000-0xfebfffff] available for PCI devices
[    0.000000] Booting paravirtualized kernel on KVM
[    0.000000] clocksource: refined-jiffies: mask: 0xffffffff max_cycles: 0xffffffff, max_idle_ns: 7645519600211568 ns
[    0.000000] setup_percpu: NR_CPUS:8192 nr_cpumask_bits:2 nr_cpu_ids:2 nr_node_ids:1
[    0.000000] percpu: Embedded 50 pages/cpu s167936 r8192 d28672 u1048576
[    0.000000] PV qspinlock hash table entries: 256 (order: 0, 4096 bytes)
[    0.000000] Built 1 zonelists, mobility grouping on.  Total pages: 257913
[    0.000000] Policy zone: DMA32
[    0.000000] Kernel command line: BOOT_IMAGE=/boot/vmlinuz-4.15.0-212-generic root=LABEL=cloudimg-rootfs ro console=tty1 console=ttyS0
[    0.000000] Memory: 982644K/1048120K available (12300K kernel code, 2477K rwdata, 4324K rodata, 2480K init, 2720K bss, 65476K reserved, 0K cma-reserved)
[    0.000000] SLUB: HWalign=64, Order=0-3, MinObjects=0, CPUs=2, Nodes=1
[    0.000000] Kernel/User page tables isolation: enabled
[    0.000000] ftrace: allocating 39508 entries in 155 pages
[    0.004000] Hierarchical RCU implementation.
[    0.004000] 	RCU restricting CPUs from NR_CPUS=8192 to nr_cpu_ids=2.
[    0.004000] 	Tasks RCU enabled.
[    0.004000] RCU: Adjusting geometry for rcu_fanout_leaf=16, nr_cpu_ids=2
[    0.004000] NR_IRQS: 524544, nr_irqs: 440, preallocated irqs: 16
[    0.004000] random: crng init done
[    0.004000] Console: colour VGA+ 80x25
[    0.004000] console [tty1] enabled
[    0.004000] console [ttyS0] enabled
[    0.004000] ACPI: Core revision 20170831
[    0.004000] ACPI: 2 ACPI AML tables successfully acquired and loaded
[    0.004000] APIC: Switch to symmetric I/O mode setup
[    0.004000] x2apic enabled
[    0.004000] Switched APIC routing to physical x2apic.
[    0.005564] ..TIMER: vector=0x30 apic1=0 pin1=2 apic2=-1 pin2=-1
[    0.008007] tsc: Detected 2712.002 MHz processor
[    0.009197] Calibrating delay loop (skipped) preset value.. 5424.00 BogoMIPS (lpj=10848008)
[    0.012008] pid_max: default: 32768 minimum: 301
[    0.016054] Security Framework initialized
[    0.017198] Yama: becoming mindful.
[    0.018226] AppArmor: AppArmor initialized
[    0.024049] Dentry cache hash table entries: 131072 (order: 8, 1048576 bytes)
[    0.025950] Inode-cache hash table entries: 65536 (order: 7, 524288 bytes)
[    0.028019] Mount-cache hash table entries: 2048 (order: 2, 16384 bytes)
[    0.030123] Mountpoint-cache hash table entries: 2048 (order: 2, 16384 bytes)
[    0.032419] Last level iTLB entries: 4KB 64, 2MB 8, 4MB 8
[    0.033911] Last level dTLB entries: 4KB 64, 2MB 0, 4MB 0, 1GB 4
[    0.036008] Spectre V1 : Mitigation: usercopy/swapgs barriers and __user pointer sanitization
[    0.038429] Spectre V2 : Mitigation: Retpolines
[    0.040005] Spectre V2 : Spectre v2 / SpectreRSB mitigation: Filling RSB on context switch
[    0.043366] Spectre V2 : Spectre v2 / SpectreRSB : Filling RSB on VMEXIT
[    0.044007] RETBleed: WARNING: Spectre v2 mitigation leaves CPU vulnerable to RETBleed attacks, data leaks possible!
[    0.048003] RETBleed: Vulnerable
[    0.049151] Speculative Store Bypass: Vulnerable
[    0.052166] MDS: Mitigation: Clear CPU buffers
[    0.053415] MMIO Stale Data: Mitigation: Clear CPU buffers
[    0.056008] SRBDS: Unknown: Dependent on hypervisor status
[    0.058352] Freeing SMP alternatives memory: 36K
[    0.172139] smpboot: CPU0: Intel(R) Core(TM) i5-7200U CPU @ 2.50GHz (family: 0x6, model: 0x8e, stepping: 0x9)
[    0.176185] Performance Events: unsupported p6 CPU model 142 no PMU driver, software events only.
[    0.180073] Hierarchical SRCU implementation.
[    0.185333] NMI watchdog: Perf event create on CPU 0 failed with -2
[    0.188009] NMI watchdog: Perf NMI watchdog permanently disabled
[    0.190856] smp: Bringing up secondary CPUs ...
[    0.192176] x86: Booting SMP configuration:
[    0.196010] .... node  #0, CPUs:      #1
[    0.004000] kvm-clock: cpu 1, msr 0:3ff44041, secondary cpu clock
[    0.208076] smp: Brought up 1 node, 2 CPUs
[    0.211302] smpboot: Max logical packages: 1
[    0.212015] smpboot: Total of 2 processors activated (10848.00 BogoMIPS)
[    0.216235] devtmpfs: initialized
[    0.217835] x86/mm: Memory block size: 128MB
[    0.220341] evm: security.selinux
[    0.222047] evm: security.SMACK64
[    0.224007] evm: security.SMACK64EXEC
[    0.226088] evm: security.SMACK64TRANSMUTE
[    0.228010] evm: security.SMACK64MMAP
[    0.232006] evm: security.apparmor
[    0.233702] evm: security.ima
[    0.236005] evm: security.capability
[    0.237934] clocksource: jiffies: mask: 0xffffffff max_cycles: 0xffffffff, max_idle_ns: 7645041785100000 ns
[    0.240036] futex hash table entries: 512 (order: 3, 32768 bytes)
[    0.244127] pinctrl core: initialized pinctrl subsystem
[    0.252300] RTC time:  7:09:50, date: 02/21/24
[    0.256304] NET: Registered protocol family 16
[    0.260257] audit: initializing netlink subsys (disabled)
[    0.264080] audit: type=2000 audit(1708499395.208:1): state=initialized audit_enabled=0 res=1
[    0.268025] cpuidle: using governor ladder
[    0.269890] cpuidle: using governor menu
[    0.272109] ACPI: bus type PCI registered
[    0.273652] acpiphp: ACPI Hot Plug PCI Controller Driver version: 0.5
[    0.276219] PCI: Using configuration type 1 for base access
[    0.282281] HugeTLB registered 2.00 MiB page size, pre-allocated 0 pages
[    0.284213] ACPI: Added _OSI(Module Device)
[    0.288009] ACPI: Added _OSI(Processor Device)
[    0.290152] ACPI: Added _OSI(3.0 _SCP Extensions)
[    0.292046] ACPI: Added _OSI(Processor Aggregator Device)
[    0.296016] ACPI: Added _OSI(Linux-Dell-Video)
[    0.300009] ACPI: Added _OSI(Linux-Lenovo-NV-HDMI-Audio)
[    0.302681] ACPI: Added _OSI(Linux-HPI-Hybrid-Graphics)
[    0.308115] ACPI: Executed 1 blocks of module-level executable AML code
[    0.326930] ACPI: Interpreter enabled
[    0.328052] ACPI: (supports S0 S5)
[    0.332012] ACPI: Using IOAPIC for interrupt routing
[    0.336888] PCI: Using host bridge windows from ACPI; if necessary, use "pci=nocrs" and report a bug
[    0.340481] ACPI: Enabled 2 GPEs in block 00 to 07
[    0.360262] ACPI: PCI Root Bridge [PCI0] (domain 0000 [bus 00-ff])
[    0.362802] acpi PNP0A03:00: _OSC: OS supports [ASPM ClockPM Segments MSI]
[    0.365472] acpi PNP0A03:00: _OSC: not requesting OS control; OS requires [ExtendedConfig ASPM ClockPM MSI]
[    0.368039] acpi PNP0A03:00: fail to add MMCONFIG information, can't access extended PCI configuration space under this bridge.
[    0.372824] PCI host bridge to bus 0000:00
[    0.376007] pci_bus 0000:00: root bus resource [io  0x0000-0x0cf7 window]
[    0.377774] pci_bus 0000:00: root bus resource [io  0x0d00-0xffff window]
[    0.380004] pci_bus 0000:00: root bus resource [mem 0x000a0000-0x000bffff window]
[    0.382703] pci_bus 0000:00: root bus resource [mem 0x40000000-0xfdffffff window]
[    0.384005] pci_bus 0000:00: root bus resource [bus 00-ff]
[    0.391771] pci 0000:00:01.1: legacy IDE quirk: reg 0x10: [io  0x01f0-0x01f7]
[    0.392025] pci 0000:00:01.1: legacy IDE quirk: reg 0x14: [io  0x03f6]
[    0.393907] pci 0000:00:01.1: legacy IDE quirk: reg 0x18: [io  0x0170-0x0177]
[    0.396005] pci 0000:00:01.1: legacy IDE quirk: reg 0x1c: [io  0x0376]
[    0.434085] pci 0000:00:07.0: quirk: [io  0x4000-0x403f] claimed by PIIX4 ACPI
[    0.436041] pci 0000:00:07.0: quirk: [io  0x4100-0x410f] claimed by PIIX4 SMB
[    0.464355] ACPI: PCI Interrupt Link [LNKA] (IRQs 5 9 10 *11)
[    0.472786] ACPI: PCI Interrupt Link [LNKB] (IRQs 5 9 *10 11)
[    0.476362] ACPI: PCI Interrupt Link [LNKC] (IRQs 5 *9 10 11)
[    0.480396] ACPI: PCI Interrupt Link [LNKD] (IRQs 5 9 10 *11)
[    0.483858] SCSI subsystem initialized
[    0.484103] pci 0000:00:02.0: vgaarb: setting as boot VGA device
[    0.486581] pci 0000:00:02.0: vgaarb: VGA device added: decodes=io+mem,owns=io+mem,locks=none
[    0.488011] pci 0000:00:02.0: vgaarb: bridge control possible
[    0.492010] vgaarb: loaded
[    0.493960] ACPI: bus type USB registered
[    0.496084] usbcore: registered new interface driver usbfs
[    0.497976] usbcore: registered new interface driver hub
[    0.499842] usbcore: registered new device driver usb
[    0.500120] EDAC MC: Ver: 3.0.0
[    0.504575] PCI: Using ACPI for IRQ routing
[    0.508653] NetLabel: Initializing
[    0.510842] NetLabel:  domain hash size = 128
[    0.512009] NetLabel:  protocols = UNLABELED CIPSOv4 CALIPSO
[    0.516058] NetLabel:  unlabeled traffic allowed by default
[    0.520161] clocksource: Switched to clocksource kvm-clock
[    0.556407] VFS: Disk quotas dquot_6.6.0
[    0.557656] VFS: Dquot-cache hash table entries: 512 (order 0, 4096 bytes)
[    0.559681] AppArmor: AppArmor Filesystem Enabled
[    0.561467] pnp: PnP ACPI init
[    0.564291] pnp: PnP ACPI: found 3 devices
[    0.578721] clocksource: acpi_pm: mask: 0xffffff max_cycles: 0xffffff, max_idle_ns: 2085701024 ns
[    0.582568] NET: Registered protocol family 2
[    0.584082] IP idents hash table entries: 16384 (order: 5, 131072 bytes)
[    0.589181] TCP established hash table entries: 8192 (order: 4, 65536 bytes)
[    0.592530] TCP bind hash table entries: 8192 (order: 5, 131072 bytes)
[    0.594762] TCP: Hash tables configured (established 8192 bind 8192)
[    0.597612] UDP hash table entries: 512 (order: 2, 16384 bytes)
[    0.599964] UDP-Lite hash table entries: 512 (order: 2, 16384 bytes)
[    0.602617] NET: Registered protocol family 1
[    0.604265] pci 0000:00:00.0: Limiting direct PCI/PCI transfers
[    0.606639] pci 0000:00:01.0: Activating ISA DMA hang workarounds
[    0.617357] pci 0000:00:02.0: Video device with shadowed ROM at [mem 0x000c0000-0x000dffff]
[    0.620317] Unpacking initramfs...
[    1.367953] Freeing initrd memory: 19528K
[    1.369540] clocksource: tsc: mask: 0xffffffffffffffff max_cycles: 0x2717880cafa, max_idle_ns: 440795252614 ns
[    1.372767] platform rtc_cmos: registered platform RTC device (no PNP device found)
[    1.375179] Scanning for low memory corruption every 60 seconds
[    1.378210] Initialise system trusted keyrings
[    1.381011] Key type blacklist registered
[    1.382710] workingset: timestamp_bits=36 max_order=18 bucket_order=0
[    1.387693] zbud: loaded
[    1.389493] squashfs: version 4.0 (2009/01/31) Phillip Lougher
[    1.391343] fuse init (API version 7.26)
[    1.398170] Key type asymmetric registered
[    1.400081] Asymmetric key parser 'x509' registered
[    1.402148] Block layer SCSI generic (bsg) driver version 0.4 loaded (major 246)
[    1.405382] io scheduler noop registered
[    1.406662] io scheduler deadline registered
[    1.408207] io scheduler cfq registered (default)
[    1.410555] ACPI: AC Adapter [AC] (off-line)
[    1.413163] input: Power Button as /devices/LNXSYSTM:00/LNXPWRBN:00/input/input0
[    1.415835] ACPI: Power Button [PWRF]
[    1.417341] input: Sleep Button as /devices/LNXSYSTM:00/LNXSLPBN:00/input/input1
[    1.419783] ACPI: Sleep Button [SLPF]
[    1.421596] Serial: 8250/16550 driver, 32 ports, IRQ sharing enabled
[    1.422990] ACPI: Battery Slot [BAT0] (battery present)
[    1.448728] 00:02: ttyS0 at I/O 0x3f8 (irq = 4, base_baud = 115200) is a 16550A
[    1.454783] Linux agpgart interface v0.103
[    1.465186] loop: module loaded
[    1.467870] scsi host0: ata_piix
[    1.470210] scsi host1: ata_piix
[    1.471792] ata1: PATA max UDMA/33 cmd 0x1f0 ctl 0x3f6 bmdma 0xd000 irq 14
[    1.474561] ata2: PATA max UDMA/33 cmd 0x170 ctl 0x376 bmdma 0xd008 irq 15
[    1.477448] tun: Universal TUN/TAP device driver, 1.6
[    1.480152] PPP generic driver version 2.4.2
[    1.481703] ehci_hcd: USB 2.0 'Enhanced' Host Controller (EHCI) Driver
[    1.483816] ehci-pci: EHCI PCI platform driver
[    1.485340] ehci-platform: EHCI generic platform driver
[    1.486865] ohci_hcd: USB 1.1 'Open' Host Controller (OHCI) Driver
[    1.489615] ohci-pci: OHCI PCI platform driver
[    1.491271] ohci-platform: OHCI generic platform driver
[    1.493248] uhci_hcd: USB Universal Host Controller Interface driver
[    1.495226] i8042: PNP: PS/2 Controller [PNP0303:PS2K,PNP0f03:PS2M] at 0x60,0x64 irq 1,12
[    1.498679] serio: i8042 KBD port at 0x60,0x64 irq 1
[    1.500616] serio: i8042 AUX port at 0x60,0x64 irq 12
[    1.502537] mousedev: PS/2 mouse device common for all mice
[    1.504510] input: AT Translated Set 2 keyboard as /devices/platform/i8042/serio0/input/input2
[    1.507982] rtc_cmos rtc_cmos: rtc core: registered rtc_cmos as rtc0
[    1.509850] rtc_cmos rtc_cmos: alarms up to one day, 114 bytes nvram
[    1.511863] i2c /dev entries driver
[    1.514290] device-mapper: uevent: version 1.0.3
[    1.515691] device-mapper: ioctl: 4.37.0-ioctl (2017-09-20) initialised: dm-devel@redhat.com
[    1.518256] ledtrig-cpu: registered to indicate activity on CPUs
[    1.520424] NET: Registered protocol family 10
[    1.527987] Segment Routing with IPv6
[    1.529614] NET: Registered protocol family 17
[    1.531316] Key type dns_resolver registered
[    1.534350] mce: Using 0 MCE banks
[    1.535396] RAS: Correctable Errors collector initialized.
[    1.537033] sched_clock: Marking stable (1536990033, 0)->(1854389283, -317399250)
[    1.539533] registered taskstats version 1
[    1.541000] Loading compiled-in X.509 certificates
[    1.545835] Loaded X.509 cert 'Build time autogenerated kernel key: b5b26778eaa3ab3a4a6cee031137706e947d12ad'
[    1.550650] Loaded X.509 cert 'Canonical Ltd. Live Patch Signing: 14df34d1a87cf37625abec039ef2bf521249b969'
[    1.555543] Loaded X.509 cert 'Canonical Ltd. Kernel Module Signing: 88f752e560a1e0737e31163a466ad7b70a850c19'
[    1.559350] blacklist: Loading compiled-in revocation X.509 certificates
[    1.561953] Loaded X.509 cert 'Canonical Ltd. Secure Boot Signing: 61482aa2830d0ab2ad5af10b7250da9033ddcef0'
[    1.565581] Loaded X.509 cert 'Canonical Ltd. Secure Boot Signing (2017): 242ade75ac4a15e50d50c84b0d45ff3eae707a03'
[    1.569429] Loaded X.509 cert 'Canonical Ltd. Secure Boot Signing (ESM 2018): 365188c1d374d6b07c3c8f240f8ef722433d6a8b'
[    1.574199] Loaded X.509 cert 'Canonical Ltd. Secure Boot Signing (2019): c0746fd6c5da3ae827864651ad66ae47fe24b3e8'
[    1.577648] Loaded X.509 cert 'Canonical Ltd. Secure Boot Signing (2021 v1): a8d54bbb3825cfb94fa13c9f8a594a195c107b8d'
[    1.581542] Loaded X.509 cert 'Canonical Ltd. Secure Boot Signing (2021 v2): 4cf046892d6fd3c9a5b03f98d845f90851dc6a8c'
[    1.584576] Loaded X.509 cert 'Canonical Ltd. Secure Boot Signing (2021 v3): 100437bb6de6e469b581e61cd66bce3ef4ed53af'
[    1.587569] Loaded X.509 cert 'Canonical Ltd. Secure Boot Signing (Ubuntu Core 2019): c1d57b8f6b743f23ee41f4f7ee292f06eecadfb9'
[    1.591029] zswap: loaded using pool lzo/zbud
[    1.598613] Key type big_key registered
[    1.599791] Key type trusted registered
[    1.605168] Key type encrypted registered
[    1.607168] AppArmor: AppArmor sha1 policy hashing enabled
[    1.609930] ima: No TPM chip found, activating TPM-bypass! (rc=-19)
[    1.614036] ima: Allocated hash algorithm: sha1
[    1.616676] evm: HMAC attrs: 0x1
[    1.619169]   Magic number: 12:908:167
[    1.621182] acpi PNP0000:00: hash matches
[    1.623320] rtc_cmos rtc_cmos: setting system clock to 2024-02-21 07:09:51 UTC (1708499391)
[    1.627812] BIOS EDD facility v0.16 2004-Jun-25, 0 devices found
[    1.631301] EDD information not available.
[    1.668051] Freeing unused kernel image memory: 2480K
[    1.684309] Write protecting the kernel read-only data: 20480k
[    1.687332] Freeing unused kernel image memory: 2008K
[    1.690207] Freeing unused kernel image memory: 1820K
[    1.707320] x86/mm: Checked W+X mappings: passed, no W+X pages found.
[    1.709959] x86/mm: Checking user space page tables
[    1.725547] x86/mm: Checked W+X mappings: passed, no W+X pages found.
Loading, please wait...
starting version 237
[    1.953819] Fusion MPT base driver 3.04.20
[    1.956771] Copyright (c) 1999-2008 LSI Corporation
[    1.961407] e1000: Intel(R) PRO/1000 Network Driver - version 7.3.21-k8-NAPI
[    1.964966] e1000: Copyright (c) 1999-2006 Intel Corporation.
[    1.973248] AVX2 version of gcm_enc/dec engaged.
[    1.976723] AES CTR mode by8 optimization enabled
[    2.021369] Fusion MPT SPI Host driver 3.04.20
[    2.161142] input: ImExPS/2 Generic Explorer Mouse as /devices/platform/i8042/serio1/input/input4
[    2.816919] e1000 0000:00:03.0 eth0: (PCI:33MHz:32-bit) 02:3b:7b:b7:3b:2d
[    2.819963] e1000 0000:00:03.0 eth0: Intel(R) PRO/1000 Network Connection
[    4.086066] e1000 0000:00:08.0 eth1: (PCI:33MHz:32-bit) 08:00:27:04:21:f5
[    4.091351] e1000 0000:00:08.0 eth1: Intel(R) PRO/1000 Network Connection
[    4.098405] e1000 0000:00:03.0 enp0s3: renamed from eth0
[    4.104823] mptbase: ioc0: Initiating bringup
[    4.115437] e1000 0000:00:08.0 enp0s8: renamed from eth1
[    4.221347] ioc0: LSI53C1030 A0: Capabilities={Initiator}
[    4.475371] scsi host2: ioc0: LSI53C1030 A0, FwRev=00000000h, Ports=1, MaxQ=256, IRQ=20
[    4.649562] scsi 2:0:0:0: Direct-Access     VBOX     HARDDISK         1.0  PQ: 0 ANSI: 5
[    4.688950] scsi target2:0:0: Beginning Domain Validation
[    4.699204] scsi target2:0:0: Domain Validation skipping write tests
[    4.705033] scsi target2:0:0: Ending Domain Validation
[    4.708324] scsi target2:0:0: asynchronous
[    4.713147] scsi 2:0:1:0: Direct-Access     VBOX     HARDDISK         1.0  PQ: 0 ANSI: 5
[    4.748710] scsi target2:0:1: Beginning Domain Validation
[    4.757818] scsi target2:0:1: Domain Validation skipping write tests
[    4.762039] scsi target2:0:1: Ending Domain Validation
[    4.765739] scsi target2:0:1: asynchronous
[    4.785167] sd 2:0:0:0: Attached scsi generic sg0 type 0
[    4.785573] sd 2:0:0:0: [sda] 83886080 512-byte logical blocks: (42.9 GB/40.0 GiB)
[    4.789843] sd 2:0:1:0: Attached scsi generic sg1 type 0
[    4.794748] sd 2:0:1:0: [sdb] 20480 512-byte logical blocks: (10.5 MB/10.0 MiB)
[    4.800675] sd 2:0:0:0: [sda] Write Protect is off
[    4.802918] sd 2:0:1:0: [sdb] Write Protect is off
[    4.805741] sd 2:0:0:0: [sda] Incomplete mode parameter data
[    4.805990] sd 2:0:1:0: [sdb] Incomplete mode parameter data
[    4.808902] sd 2:0:0:0: [sda] Assuming drive cache: write through
[    4.811021] sd 2:0:1:0: [sdb] Assuming drive cache: write through
[    4.821624]  sda: sda1
[    4.823201] sd 2:0:1:0: [sdb] Attached SCSI disk
[    4.826239] sd 2:0:0:0: [sda] Attached SCSI disk
Begin: Loading essential drivers ... [    6.948029] raid6: sse2x1   gen()  5028 MB/s
[    6.996041] raid6: sse2x1   xor()  3583 MB/s
[    7.044238] raid6: sse2x2   gen()  5872 MB/s
[    7.092560] raid6: sse2x2   xor()  4239 MB/s
[    7.140715] raid6: sse2x4   gen()  7259 MB/s
[    7.188045] raid6: sse2x4   xor()  4748 MB/s
[    7.236960] raid6: avx2x1   gen() 11649 MB/s
[    7.284188] raid6: avx2x1   xor()  9235 MB/s
[    7.332139] raid6: avx2x2   gen() 11311 MB/s
[    7.381358] raid6: avx2x2   xor()  8026 MB/s
[    7.428235] raid6: avx2x4   gen() 13116 MB/s
[    7.476533] raid6: avx2x4   xor()  8782 MB/s
[    7.478490] raid6: using algorithm avx2x4 gen() 13116 MB/s
[    7.480657] raid6: .... xor() 8782 MB/s, rmw enabled
[    7.482426] raid6: using avx2x2 recovery algorithm
[    7.485847] xor: automatically using best checksumming function   avx       
[    7.490477] async_tx: api initialized (async)
done.
Begin: Running /scripts/init-premount ... done.
Begin: Mounting root file system ... Begin: Running /scripts/local-top ... done.
Begin: Running /scripts/local-premount ... [    7.592674] Btrfs loaded, crc32c=crc32c-intel
Scanning for Btrfs filesystems
done.
Warning: fsck not present, so skipping root file system
[    7.668018] EXT4-fs (sda1): INFO: recovery required on readonly filesystem
[    7.671365] EXT4-fs (sda1): write access will be enabled during recovery
[    7.757817] EXT4-fs (sda1): recovery complete
[    7.759816] EXT4-fs (sda1): mounted filesystem with ordered data mode. Opts: (null)
done.
Begin: Running /scripts/local-bottom ... done.
Begin: Running /scripts/init-bottom ... done.
[    8.021390] ip_tables: (C) 2000-2006 Netfilter Core Team
[    8.049218] systemd[1]: systemd 237 running in system mode. (+PAM +AUDIT +SELINUX +IMA +APPARMOR +SMACK +SYSVINIT +UTMP +LIBCRYPTSETUP +GCRYPT +GNUTLS +ACL +XZ +LZ4 +SECCOMP +BLKID +ELFUTILS +KMOD -IDN2 +IDN -PCRE2 default-hierarchy=hybrid)
[    8.057154] systemd[1]: Detected virtualization oracle.
[    8.059209] systemd[1]: Detected architecture x86-64.

Welcome to [1mUbuntu 18.04.6 LTS[0m!

[    8.082751] systemd[1]: Set hostname to <ubuntu-bionic>.
[    8.610313] systemd[1]: Started Forward Password Requests to Wall Directory Watch.
[[0;32m  OK  [0m] Started Forward Password Requests to Wall Directory Watch.
[    8.615673] systemd[1]: Reached target Swap.
[[0;32m  OK  [0m] Reached target Swap.
[    8.619108] systemd[1]: Set up automount Arbitrary Executable File Formats File System Automount Point.
[[0;32m  OK  [0m] Set up automount Arbitrary Executabâ€¦rmats File System Automount Point.
[    8.625335] systemd[1]: Reached target System Time Synchronized.
[[0;32m  OK  [0m] Reached target System Time Synchronized.
[    8.640618] systemd[1]: Reached target User and Group Name Lookups.
[[0;32m  OK  [0m] Reached target User and Group Name Lookups.
[    8.645392] systemd[1]: Reached target Mounting snaps.
[[0;32m  OK  [0m] Reached target Mounting snaps.
[[0;32m  OK  [0m] Reached target Mounted snaps.
[[0;32m  OK  [0m] Created slice System Slice.
[[0;32m  OK  [0m] Listening on fsck to fsckd communication Socket.
[[0;32m  OK  [0m] Listening on Device-mapper event daemon FIFOs.
[[0;32m  OK  [0m] Listening on Journal Socket.
         Starting Set the console keyboard layout...
[[0;32m  OK  [0m] Listening on LVM2 metadata daemon socket.
         Starting Load Kernel Modules...
[[0;32m  OK  [0m] Listening on Network Service Netlink Socket.
[[0;32m  OK  [0m] Created slice system-serial\x2dgetty.slice.
[[0;32m  OK  [0m] Listening on udev Kernel Socket.
         Starting Create list of required stâ€¦ce nodes for the current kernel...
         Starting File System Check on Root Device...
[[0;32m  OK  [0m] Listening on Journal Socket (/dev/log).
[[0;32m  OK  [0m] Listening on Syslog Socket.
[    8.732865] Loading iSCSI transport class v2.0-870.
[[0;32m  OK  [0m] Listening on Journal Audit Socket.
         Starting Journal Service...
[    8.749286] iscsi: registered transport (tcp)
         Starting Monitoring of LVM2 mirrorsâ€¦ng dmeventd or progress polling...
         Mounting Kernel Debug File System...
[[0;32m  OK  [0m] Listening on LVM2 poll daemon socket.
[[0;32m  OK  [0m] Listening on udev Control Socket.
         Mounting POSIX Message Queue File System...
         Starting udev Coldplug all Devices...
         Mounting Huge Pages File System...
[[0;32m  OK  [0m] Listening on /dev/initctl Compatibility Named Pipe.
         Starting Uncomplicated firewall...
[[0;32m  OK  [0m] Created slice User and Session Slice.
[[0;32m  OK  [0m] Reached target Slices.
[[0;32m  OK  [0m] Started Create list of required staâ€¦vice nodes for the current kernel.
[[0;32m  OK  [0m] Started File System Check Daemon to report status.
         Starting Create Static Device Nodes in /dev...
[[0;32m  OK  [0m] Started LVM2 metadata daemon.
[[0;32m  OK  [0m] Started Journal Service.
[[0;32m  OK  [0m] Started Uncomplicated firewall.
[[0;32m  OK  [0m] Started udev Coldplug all Devices.
[[0;32m  OK  [0m] Started Create Static Device Nodes in /dev.
[[0;32m  OK  [0m] Mounted Huge Pages File System.
[[0;32m  OK  [0m] Mounted Kernel Debug File System.
[[0;32m  OK  [0m] Mounted POSIX Message Queue File System.
[[0;32m  OK  [0m] Started File System Check on Root Device.
[    9.035859] iscsi: registered transport (iser)
[[0;32m  OK  [0m] Started Load Kernel Modules.
         Starting Apply Kernel Variables...
         Mounting FUSE Control File System...
         Mounting Kernel Configuration File System...
         Starting Remount Root and Kernel File Systems...
[[0;32m  OK  [0m] Mounted FUSE Control File System.
[[0;32m  OK  [0m] Mounted Kernel Configuration File System.
[[0;32m  OK  [0m] Started Apply Kernel Variables.
[[0;32m  OK  [0m] Started Remount Root and Kernel File Systems.
         Starting udev Kernel Device Manager...
         Starting Load/Save Random Seed...
         Starting Flush Journal to Persistent Storage...
[[0;32m  OK  [0m] Started Monitoring of LVM2 mirrors,â€¦sing dmeventd or progress polling.
[[0;32m  OK  [0m] Started udev Kernel Device Manager.
[[0;32m  OK  [0m] Started Load/Save Random Seed.
[[0;32m  OK  [0m] Started Set the console keyboard layout.
[[0;32m  OK  [0m] Started Dispatch Password Requests to Console Directory Watch.
[[0;32m  OK  [0m] Reached target Local Encrypted Volumes.
[[0;32m  OK  [0m] Reached target Local File Systems (Pre).
[[0;32m  OK  [0m] Reached target Local File Systems.
         Starting AppArmor initialization...
         Starting ebtables ruleset management...
         Starting Set console font and keymap...
         Starting Tell Plymouth To Write Out Runtime Data...
[[0;32m  OK  [0m] Started Flush Journal to Persistent Storage.
         Starting Create Volatile Files and Directories...
[[0;32m  OK  [0m] Started Set console font and keymap.
[[0;32m  OK  [0m] Started Tell Plymouth To Write Out Runtime Data.
[[0;32m  OK  [0m] Started Create Volatile Files and Directories.
         Starting Update UTMP about System Boot/Shutdown...
[[0;32m  OK  [0m] Started Update UTMP about System Boot/Shutdown.
[[0;32m  OK  [0m] Started ebtables ruleset management.
[[0;32m  OK  [0m] Found device /dev/ttyS0.
[[0;32m  OK  [0m] Listening on Load/Save RF Kill Switch Status /dev/rfkill Watch.
[[0;32m  OK  [0m] Started AppArmor initialization.
         Starting Load AppArmor profiles managed internally by snapd...
         Starting Initial cloud-init job (pre-networking)...
         Mounting Arbitrary Executable File Formats File System...
[[0;32m  OK  [0m] Mounted Arbitrary Executable File Formats File System.
[[0;32m  OK  [0m] Started Load AppArmor profiles managed internally by snapd.
[   12.399345] cloud-init[560]: Cloud-init v. 23.1.2-0ubuntu0~18.04.1 running 'init-local' at Wed, 21 Feb 2024 07:10:01 +0000. Up 12.03 seconds.
[[0;32m  OK  [0m] Started Initial cloud-init job (pre-networking).
[[0;32m  OK  [0m] Reached target Network (Pre).
         Starting Network Service...
[[0;32m  OK  [0m] Started Network Service.
         Starting Network Name Resolution...
         Starting Wait for Network to be Configured...
[[0;32m  OK  [0m] Started Network Name Resolution.
[[0;32m  OK  [0m] Reached target Host and Network Name Lookups.
[[0;32m  OK  [0m] Reached target Network.
[[0;32m  OK  [0m] Started Wait for Network to be Configured.
         Starting Initial cloud-init job (metadata service crawler)...
[   15.418518] cloud-init[683]: Cloud-init v. 23.1.2-0ubuntu0~18.04.1 running 'init' at Wed, 21 Feb 2024 07:10:05 +0000. Up 15.14 seconds.
[   15.420917] cloud-init[683]: ci-info: ++++++++++++++++++++++++++++++++++++++Net device info+++++++++++++++++++++++++++++++++++++++
[   15.422825] cloud-init[683]: ci-info: +--------+-------+----------------------------+---------------+--------+-------------------+
[   15.424890] cloud-init[683]: ci-info: | Device |   Up  |          Address           |      Mask     | Scope  |     Hw-Address    |
[   15.426704] cloud-init[683]: ci-info: +--------+-------+----------------------------+---------------+--------+-------------------+
[   15.428344] cloud-init[683]: ci-info: | enp0s3 |  True |         10.0.2.15          | 255.255.255.0 | global | 02:3b:7b:b7:3b:2d |
[   15.429957] cloud-init[683]: ci-info: | enp0s3 |  True | fe80::3b:7bff:feb7:3b2d/64 |       .       |  link  | 02:3b:7b:b7:3b:2d |
[   15.431249] cloud-init[683]: ci-info: | enp0s8 | False |             .              |       .       |   .    | 08:00:27:04:21:f5 |
[   15.433533] cloud-init[683]: ci-info: |   lo   |  True |         127.0.0.1          |   255.0.0.0   |  host  |         .         |
[   15.436559] cloud-init[683]: ci-info: |   lo   |  True |          ::1/128           |       .       |  host  |         .         |
[   15.440246] cloud-init[683]: ci-info: +--------+-------+----------------------------+---------------+--------+-------------------+
[   15.443153] cloud-init[683]: ci-info: ++++++++++++++++++++++++++++Route IPv4 info+++++++++++++++++++++++++++++
[   15.456310] cloud-init[683]: ci-info: +-------+-------------+----------+-----------------+-----------+-------+
[   15.459034] cloud-init[683]: ci-info: | Route | Destination | Gateway  |     Genmask     | Interface | Flags |
[   15.463431] cloud-init[683]: ci-info: +-------+-------------+----------+-----------------+-----------+-------+
[   15.466938] cloud-init[683]: ci-info: |   0   |   0.0.0.0   | 10.0.2.2 |     0.0.0.0     |   enp0s3  |   UG  |
[   15.469813] cloud-init[683]: ci-info: |   1   |   10.0.2.0  | 0.0.0.0  |  255.255.255.0  |   enp0s3  |   U   |
[   15.473127] cloud-init[683]: ci-info: |   2   |   10.0.2.2  | 0.0.0.0  | 255.255.255.255 |   enp0s3  |   UH  |
[   15.475850] cloud-init[683]: ci-info: +-------+-------------+----------+-----------------+-----------+-------+
[   15.478237] cloud-init[683]: ci-info: +++++++++++++++++++Route IPv6 info+++++++++++++++++++
[   15.481692] cloud-init[683]: ci-info: +-------+-------------+---------+-----------+-------+
[   15.483632] cloud-init[683]: ci-info: | Route | Destination | Gateway | Interface | Flags |
[   15.485491] cloud-init[683]: ci-info: +-------+-------------+---------+-----------+-------+
[   15.487054] cloud-init[683]: ci-info: |   1   |  fe80::/64  |    ::   |   enp0s3  |   U   |
[   15.488831] cloud-init[683]: ci-info: |   3   |    local    |    ::   |   enp0s3  |   U   |
[   15.490670] cloud-init[683]: ci-info: |   4   |   ff00::/8  |    ::   |   enp0s3  |   U   |
[   15.492402] cloud-init[683]: ci-info: +-------+-------------+---------+-----------+-------+
[[0;32m  OK  [0m] Started Initial cloud-init job (metadata service crawler).
[[0;32m  OK  [0m] Reached target System Initialization.
[[0;32m  OK  [0m] Started Discard unused blocks once a week.
         Starting LXD - unix socket.
[[0;32m  OK  [0m] Listening on Open-iSCSI iscsid Socket.
[[0;32m  OK  [0m] Listening on D-Bus System Message Bus Socket.
[[0;32m  OK  [0m] Listening on UUID daemon activation socket.
[[0;32m  OK  [0m] Started Message of the Day.
[[0;32m  OK  [0m] Started Daily apt download activities.
[[0;32m  OK  [0m] Listening on cloud-init hotplug hook socket.
         Starting Socket activation for snappy daemon.
[[0;32m  OK  [0m] Listening on ACPID Listen Socket.
[[0;32m  OK  [0m] Started Ubuntu Advantage Timer for running repeated jobs.
[[0;32m  OK  [0m] Started Daily Cleanup of Temporary Directories.
[[0;32m  OK  [0m] Started Daily apt upgrade and clean activities.
[[0;32m  OK  [0m] Reached target Timers.
[[0;32m  OK  [0m] Started ACPI Events Check.
[[0;32m  OK  [0m] Reached target Paths.
[[0;32m  OK  [0m] Reached target Network is Online.
[[0;32m  OK  [0m] Reached target Remote File Systems (Pre).
[[0;32m  OK  [0m] Reached target Remote File Systems.
         Starting Availability of block devices...
[[0;32m  OK  [0m] Reached target Cloud-config availability.
[[0;32m  OK  [0m] Listening on LXD - unix socket.
[[0;32m  OK  [0m] Listening on Socket activation for snappy daemon.
[[0;32m  OK  [0m] Started Availability of block devices.
[[0;32m  OK  [0m] Reached target Sockets.
[[0;32m  OK  [0m] Reached target Basic System.
[[0;32m  OK  [0m] Started FUSE filesystem for LXC.
[[0;32m  OK  [0m] Started D-Bus System Message Bus.
         Starting Virtualbox guest utils...
         Starting Accounts Service...
         Starting Message of the Day...
         Starting Dispatcher daemon for systemd-networkd...
[[0;32m  OK  [0m] Started Regular background program processing daemon.
         Starting Permit User Sessions...
         Starting OpenBSD Secure Shell server...
[[0;32m  OK  [0m] Started irqbalance daemon.
         Starting System Logging Service...
         Starting Snap Daemon...
[[0;32m  OK  [0m] Started Deferred execution scheduler.
[[0;32m  OK  [0m] Reached target Login Prompts (Pre).
         Starting Login Service...
         Starting LSB: Record successful boot for GRUB...
         Starting LSB: automatic crash report generation...
         Starting LXD - container startup/shutdown...
[[0;32m  OK  [0m] Started Permit User Sessions.
[[0;32m  OK  [0m] Started OpenBSD Secure Shell server.
[[0;32m  OK  [0m] Started Login Service.
[[0;32m  OK  [0m] Started Unattended Upgrades Shutdown.
         Starting Authorization Manager...
         Starting Terminate Plymouth Boot Screen...
         Starting Hold until boot process finishes up...
[[0;32m  OK  [0m] Started Terminate Plymouth Boot Screen.
[[0;32m  OK  [0m] Started Hold until boot process finishes up.
         Starting Set console scheme...
[[0;32m  OK  [0m] Started Serial Getty on ttyS0.
[[0;32m  OK  [0m] Started System Logging Service.
[[0;32m  OK  [0m] Started Set console scheme.
[[0;32m  OK  [0m] Created slice system-getty.slice.
[[0;32m  OK  [0m] Started Getty on tty1.
[[0;32m  OK  [0m] Reached target Login Prompts.
[[0;32m  OK  [0m] Started Authorization Manager.
[[0;32m  OK  [0m] Started Accounts Service.
[[0;32m  OK  [0m] Started LSB: automatic crash report generation.
[[0;32m  OK  [0m] Started LSB: Record successful boot for GRUB.
[[0;32m  OK  [0m] Started Virtualbox guest utils.
[[0;32m  OK  [0m] Started LXD - container startup/shutdown.
[[0;32m  OK  [0m] Started Dispatcher daemon for systemd-networkd.
[[0;32m  OK  [0m] Started Snap Daemon.
         Starting Wait until snapd is fully seeded...
         Starting Time & Date Service...
[[0;32m  OK  [0m] Started Time & Date Service.
[[0;32m  OK  [0m] Started Wait until snapd is fully seeded.
         Starting Apply the settings specified in cloud-config...
[[0;32m  OK  [0m] Started Message of the Day.
[[0;32m  OK  [0m] Created slice User Slice of vagrant.
         Starting User Manager for UID 1000...
[[0;32m  OK  [0m] Started Session 1 of user vagrant.
[[0;32m  OK  [0m] Started User Manager for UID 1000.
[   19.214535] cloud-init[1109]: Cloud-init v. 23.1.2-0ubuntu0~18.04.1 running 'modules:config' at Wed, 21 Feb 2024 07:10:08 +0000. Up 18.76 seconds.
[[0;32m  OK  [0m] Started Apply the settings specified in cloud-config.
[[0;32m  OK  [0m] Reached target Multi-User System.
         Starting Execute cloud user/final scripts...
[[0;32m  OK  [0m] Reached target Graphical Interface.
         Starting Update UTMP about System Runlevel Changes...
[[0;32m  OK  [0m] Started Update UTMP about System Runlevel Changes.
[   20.599259] cloud-init[1210]: Cloud-init v. 23.1.2-0ubuntu0~18.04.1 running 'modules:final' at Wed, 21 Feb 2024 07:10:10 +0000. Up 20.20 seconds.
[   20.602421] cloud-init[1210]: Cloud-init v. 23.1.2-0ubuntu0~18.04.1 finished at Wed, 21 Feb 2024 07:10:10 +0000. Datasource DataSourceNoCloud [seed=/dev/sdb][dsmode=net].  Up 20.57 seconds
[[0;32m  OK  [0m] Started Execute cloud user/final scripts.
[[0;32m  OK  [0m] Reached target Cloud-init target.

Ubuntu 18.04.6 LTS ubuntu-bionic ttyS0

ubuntu-bionic login: 